{"time":"2026-08-20T14:13:54.516Z","level":"DEBUG","msg":"git hook settings gate skipped","component":"hooks","hook_invocation_id":"mt1lposx-rbs-21a5669a","hook_kind":"git","hook_name":"prepare-commit-msg","pid":35416,"ppid":35410,"hook_type":"git","repo_resolve_ms":0,"settings_gate_ms":1,"wall_ms":3}
{"time":"2026-08-20T14:13:55.796Z","level":"DEBUG","msg":"git hook settings gate skipped","component":"hooks","hook_invocation_id":"mt1lppsh-rde-f21ba777","hook_kind":"git","hook_name":"commit-msg","pid":35474,"ppid":35453,"hook_type":"git","repo_resolve_ms":0,"settings_gate_ms":1,"wall_ms":3}
{"time":"2026-08-20T14:13:57.066Z","level":"DEBUG","msg":"git hook settings gate skipped","component":"hooks","hook_invocation_id":"mt1lpqrq-rt7-29e6e071","hook_kind":"git","hook_name":"post-commit","pid":36043,"ppid":36037,"hook_type":"git","repo_resolve_ms":0,"settings_gate_ms":1,"wall_ms":4}
{"time":"2026-08-21T01:39:03.564Z","level":"DEBUG","msg":"git hook settings gate skipped","component":"hooks","hook_invocation_id":"mt2a6sqv-1lo7-61162883","hook_kind":"git","hook_name":"pre-push","pid":74743,"ppid":74735,"hook_type":"git","repo_resolve_ms":0,"settings_gate_ms":2,"wall_ms":5}
{"time":"2026-08-21T02:15:19.450Z","level":"DEBUG","msg":"git hook settings gate skipped","component":"hooks","hook_invocation_id":"mt2bhfo7-1ljg-58e94ab0","hook_kind":"git","hook_name":"prepare-commit-msg","pid":74572,"ppid":74566,"hook_type":"git","repo_resolve_ms":0,"settings_gate_ms":1,"wall_ms":3}
{"time":"2026-08-21T02:15:20.747Z","level":"DEBUG","msg":"git hook settings gate skipped","component":"hooks","hook_invocation_id":"mt2bhgo9-1lk1-6e87a2cf","hook_kind":"git","hook_name":"commit-msg","pid":74593,"ppid":74587,"hook_type":"git","repo_resolve_ms":0,"settings_gate_ms":2,"wall_ms":2}
{"time":"2026-08-21T02:15:22.145Z","level":"DEBUG","msg":"git hook settings gate skipped","component":"hooks","hook_invocation_id":"mt2bhhr2-1ll7-8c377fe0","hook_kind":"git","hook_name":"post-commit","pid":74635,"ppid":74629,"hook_type":"git","repo_resolve_ms":0,"settings_gate_ms":2,"wall_ms":3}
{"time":"2026-08-21T02:15:40.042Z","level":"DEBUG","msg":"git hook settings gate skipped","component":"hooks","hook_invocation_id":"mt2bhvk7-1mo2-98000de1","hook_kind":"git","hook_name":"pre-push","pid":76034,"ppid":76026,"hook_type":"git","repo_resolve_ms":0,"settings_gate_ms":1,"wall_ms":3}
{"time":"2026-08-21T08:09:29.734Z","level":"DEBUG","msg":"git hook settings gate skipped","component":"hooks","hook_invocation_id":"mt2o4whv-1z2j-34f467df","hook_kind":"git","hook_name":"prepare-commit-msg","pid":92107,"ppid":92098,"hook_type":"git","repo_resolve_ms":0,"settings_gate_ms":2,"wall_ms":3}
{"time":"2026-08-21T08:09:31.021Z","level":"DEBUG","msg":"git hook settings gate skipped","component":"hooks","hook_invocation_id":"mt2o4xhm-1z3y-24f3d945","hook_kind":"git","hook_name":"commit-msg","pid":92158,"ppid":92152,"hook_type":"git","repo_resolve_ms":0,"settings_gate_ms":2,"wall_ms":3}
{"time":"2026-08-21T08:09:32.279Z","level":"DEBUG","msg":"git hook settings gate skipped","component":"hooks","hook_invocation_id":"mt2o4ygl-1zkk-8e10eadd","hook_kind":"git","hook_name":"post-commit","pid":92756,"ppid":92748,"hook_type":"git","repo_resolve_ms":0,"settings_gate_ms":2,"wall_ms":2}
{"time":"2026-08-21T08:16:10.771Z","level":"DEBUG","msg":"git hook settings gate skipped","component":"hooks","hook_invocation_id":"mt2odhxl-k8n-3248a481","hook_kind":"git","hook_name":"pre-push","pid":26231,"ppid":26187,"hook_type":"git","repo_resolve_ms":1,"settings_gate_ms":2,"wall_ms":10}
{"time":"2026-08-21T08:50:11.201Z","level":"DEBUG","msg":"git hook settings gate skipped","component":"hooks","hook_invocation_id":"mt2pl8cc-u71-698f24f9","hook_kind":"git","hook_name":"prepare-commit-msg","pid":39133,"ppid":39116,"hook_type":"git","repo_resolve_ms":0,"settings_gate_ms":2,"wall_ms":5}
{"time":"2026-08-21T08:50:12.482Z","level":"DEBUG","msg":"git hook settings gate skipped","component":"hooks","hook_invocation_id":"mt2pl9bz-ug5-05f4ea1e","hook_kind":"git","hook_name":"commit-msg","pid":39461,"ppid":39454,"hook_type":"git","repo_resolve_ms":0,"settings_gate_ms":2,"wall_ms":3}
{"time":"2026-08-21T08:50:13.768Z","level":"DEBUG","msg":"git hook settings gate skipped","component":"hooks","hook_invocation_id":"mt2plabp-uhd-d81c72a8","hook_kind":"git","hook_name":"post-commit","pid":39505,"ppid":39499,"hook_type":"git","repo_resolve_ms":0,"settings_gate_ms":1,"wall_ms":3}
{"time":"2026-08-21T08:50:18.986Z","level":"DEBUG","msg":"git hook settings gate skipped","component":"hooks","hook_invocation_id":"mt2plecn-xct-c0714fc9","hook_kind":"git","hook_name":"pre-push","pid":43229,"ppid":43222,"hook_type":"git","repo_resolve_ms":0,"settings_gate_ms":2,"wall_ms":3}
{"time":"2026-08-21T16:19:38.703Z","level":"DEBUG","msg":"git hook settings gate skipped","component":"hooks","hook_invocation_id":"mt35n8lo-kwj-142b6fa9","hook_kind":"git","hook_name":"prepare-commit-msg","pid":27091,"ppid":27085,"hook_type":"git","repo_resolve_ms":0,"settings_gate_ms":2,"wall_ms":3}
{"time":"2026-08-21T16:19:40.778Z","level":"DEBUG","msg":"git hook settings gate skipped","component":"hooks","hook_invocation_id":"mt35na7b-l2x-6e831163","hook_kind":"git","hook_name":"commit-msg","pid":27321,"ppid":27304,"hook_type":"git","repo_resolve_ms":0,"settings_gate_ms":1,"wall_ms":3}
{"time":"2026-08-21T16:19:42.089Z","level":"DEBUG","msg":"git hook settings gate skipped","component":"hooks","hook_invocation_id":"mt35nb7q-l7r-cb4e4466","hook_kind":"git","hook_name":"post-commit","pid":27495,"ppid":27489,"hook_type":"git","repo_resolve_ms":0,"settings_gate_ms":2,"wall_ms":3}
{"time":"2026-08-21T16:20:17.213Z","level":"DEBUG","msg":"git hook settings gate skipped","component":"hooks","hook_invocation_id":"mt35o2be-mky-c5b329ac","hook_kind":"git","hook_name":"pre-push","pid":29266,"ppid":29256,"hook_type":"git","repo_resolve_ms":0,"settings_gate_ms":2,"wall_ms":3}
{"time":"2026-08-22T03:43:32.284Z","level":"DEBUG","msg":"git hook settings gate skipped","component":"hooks","hook_invocation_id":"mt3u2qbd-h73-7991c241","hook_kind":"git","hook_name":"prepare-commit-msg","pid":22287,"ppid":22281,"hook_type":"git","repo_resolve_ms":0,"settings_gate_ms":2,"wall_ms":3}
{"time":"2026-08-22T03:43:43.063Z","level":"DEBUG","msg":"git hook settings gate skipped","component":"hooks","hook_invocation_id":"mt3u2yms-htu-b017cbe0","hook_kind":"git","hook_name":"commit-msg","pid":23106,"ppid":23099,"hook_type":"git","repo_resolve_ms":0,"settings_gate_ms":2,"wall_ms":3}
{"time":"2026-08-22T03:43:44.324Z","level":"DEBUG","msg":"git hook settings gate skipped","component":"hooks","hook_invocation_id":"mt3u2zlt-i0u-f607b49c","hook_kind":"git","hook_name":"post-commit","pid":23358,"ppid":23346,"hook_type":"git","repo_resolve_ms":0,"settings_gate_ms":1,"wall_ms":3}
{"time":"2026-08-22T03:43:59.322Z","level":"DEBUG","msg":"git hook settings gate skipped","component":"hooks","hook_invocation_id":"mt3u3b6g-ixm-75ce7fe3","hook_kind":"git","hook_name":"pre-push","pid":24538,"ppid":24532,"hook_type":"git","repo_resolve_ms":0,"settings_gate_ms":1,"wall_ms":2}
